// Jest Snapshot v1, https://goo.gl/fbAQLP

exports[`Snapshot test of App should match the snapshot every time it is rendered 1`] = `
<div
  className="App"
>
  <header
    className="App-header"
  >
    <img
      alt="logo"
      className="App-logo"
      src="logo.svg"
    />
    <p>
      Edit 
      <code>
        src/App.js
      </code>
       and save to reload.
    </p>
    <a
      className="App-link"
      href="https://reactjs.org"
      rel="noopener noreferrer"
      target="_blank"
    >
      Learn React with Ed
    </a>
    <p>
      Mocked ComponentWithProps
    </p>
  </header>
</div>
`;
